// **************************************************************************
// Generator: AngularDart Compiler
// **************************************************************************

import 'hello_world.dart';
import 'package:ngdart/src/core/linker/views/component_view.dart' as import0;
import 'hello_world.dart' as import1;
import 'package:ngdart/src/core/linker/style_encapsulation.dart' as import2;
import 'package:ngdart/src/core/linker/views/view.dart' as import3;
import 'package:ngdart/src/meta/change_detection_constants.dart' as import4;
import 'package:ngdart/src/utilities.dart' as import5;
import 'package:web/web.dart' as import6;
import 'package:ngdart/src/runtime/dom_helpers.dart' as import7;
import 'package:ngdart/angular.dart';
import 'package:ngdart/src/core/linker/views/host_view.dart' as import9;

final List<Object> styles$HelloWorldComponent = const [];

class ViewHelloWorldComponent0 extends import0.ComponentView<import1.HelloWorldComponent> {
  static import2.ComponentStyles? _componentStyles;
  ViewHelloWorldComponent0(import3.View parentView, int parentIndex) : super(parentView, parentIndex, import4.ChangeDetectionCheckedState.checkAlways) {
    this.initComponentStyles();
    this.rootElement = import5.unsafeCast(import6.document.createElement('hello-world'));
  }
  static String? get _debugComponentUrl {
    return (import5.isDevMode ? 'asset:goldens/test/nnbd/hello_world.dart' : null);
  }

  @override
  void build() {
    final parentRenderNode = this.initViewRoot();
    final _text_0 = import7.appendText(parentRenderNode, 'Hello World');
  }

  static void _debugClearComponentStyles() {
    _componentStyles = null;
  }

  void initComponentStyles() {
    var styles = _componentStyles;
    if ((styles == null)) {
      _componentStyles = (styles = import2.ComponentStyles.unscoped(styles$HelloWorldComponent, _debugComponentUrl));
      if (import5.isDevMode) {
        import2.ComponentStyles.debugOnClear(_debugClearComponentStyles);
      }
    }
    this.componentStyles = styles;
  }
}

const _HelloWorldComponentNgFactory = ComponentFactory<import1.HelloWorldComponent>('hello-world', viewFactory_HelloWorldComponentHost0);
ComponentFactory<import1.HelloWorldComponent> get HelloWorldComponentNgFactory {
  return _HelloWorldComponentNgFactory;
}

ComponentFactory<import1.HelloWorldComponent> createHelloWorldComponentFactory() {
  return ComponentFactory('hello-world', viewFactory_HelloWorldComponentHost0);
}

final List<Object> styles$HelloWorldComponentHost = const [];

class _ViewHelloWorldComponentHost0 extends import9.HostView<import1.HelloWorldComponent> {
  @override
  void build() {
    this.componentView = ViewHelloWorldComponent0(this, 0);
    final _el_0 = this.componentView.rootElement;
    this.component = import1.HelloWorldComponent();
    this.initRootNode(_el_0);
  }
}

import9.HostView<import1.HelloWorldComponent> viewFactory_HelloWorldComponentHost0() {
  return _ViewHelloWorldComponentHost0();
}
